test_a_third_attempt_is_outside_the_acceptance_family (test_admission.TestAdmission.test_a_third_attempt_is_outside_the_acceptance_family) ... ok
test_any_critical_miss_fails (test_admission.TestAdmission.test_any_critical_miss_fails) ... ok
test_development_data_is_never_an_acceptance_attempt (test_admission.TestAdmission.test_development_data_is_never_an_acceptance_attempt) ... ok
test_first_pass_is_admitted (test_admission.TestAdmission.test_first_pass_is_admitted) ... ok
test_hand_set_pass_that_contradicts_metrics_is_invalid (test_admission.TestAdmission.test_hand_set_pass_that_contradicts_metrics_is_invalid) ... ok
test_one_miss_leaves_a_retest_path (test_admission.TestAdmission.test_one_miss_leaves_a_retest_path) ... ok
test_one_miss_passes_only_with_enough_evidence (test_admission.TestAdmission.test_one_miss_passes_only_with_enough_evidence) ... ok
test_retest_on_same_dataset_is_invalid (test_admission.TestAdmission.test_retest_on_same_dataset_is_invalid) ... ok
test_retest_too_soon_or_too_little_new_data_is_invalid (test_admission.TestAdmission.test_retest_too_soon_or_too_little_new_data_is_invalid) ... ok
test_retry_needs_absolute_new_data_in_every_category (test_admission.TestAdmission.test_retry_needs_absolute_new_data_in_every_category) ... ok
test_thin_dataset_is_invalid_not_passing (test_admission.TestAdmission.test_thin_dataset_is_invalid_not_passing) ... ok
test_two_consecutive_failures_reject_the_version (test_admission.TestAdmission.test_two_consecutive_failures_reject_the_version) ... ok
test_valid_retest_after_failure_admits (test_admission.TestAdmission.test_valid_retest_after_failure_admits) ... ok
test_named_method_and_per_attempt_confidence (test_admission.TestOnePolicy.test_named_method_and_per_attempt_confidence) ... ok
test_path_level_error_is_within_five_percent_at_the_threshold (test_admission.TestOnePolicy.test_path_level_error_is_within_five_percent_at_the_threshold) ... ok
test_review_example_one_non_critical_miss_in_100 (test_admission.TestOnePolicy.test_review_example_one_non_critical_miss_in_100) ... ok
test_small_categories_are_reported_not_trusted (test_admission.TestOnePolicy.test_small_categories_are_reported_not_trusted) ... ok
test_arabic_indic_digits (test_anonymize.TestAnonymize.test_arabic_indic_digits) ... ok
test_email_url_and_long_numbers (test_anonymize.TestAnonymize.test_email_url_and_long_numbers) ... ok
test_phone_forms_become_one_stable_token (test_anonymize.TestAnonymize.test_phone_forms_become_one_stable_token) ... ok
test_text_otherwise_unchanged (test_anonymize.TestAnonymize.test_text_otherwise_unchanged) ... ok
test_bad_head_rejected (test_audit_checkpoint.TestAuditCheckpoint.test_bad_head_rejected) ... ok
test_extended_chain_verifies (test_audit_checkpoint.TestAuditCheckpoint.test_extended_chain_verifies) ... ok
test_head_never_goes_backwards (test_audit_checkpoint.TestAuditCheckpoint.test_head_never_goes_backwards) ... ok
test_rebuilt_chain_is_detected (test_audit_checkpoint.TestAuditCheckpoint.test_rebuilt_chain_is_detected) ... ok
test_removed_rows_and_forged_lines_are_detected (test_audit_checkpoint.TestAuditCheckpoint.test_removed_rows_and_forged_lines_are_detected) ... ok
test_baseline_reports_without_broken_refs (test_claims.TestClaims.test_baseline_reports_without_broken_refs) ... ok
test_gap_without_decision_fails (test_claims.TestClaims.test_gap_without_decision_fails) ... ok
test_ref_to_a_missing_test_is_broken (test_claims.TestClaims.test_ref_to_a_missing_test_is_broken) ... ok
test_release_is_blocked_by_fix_before_claims (test_claims.TestClaims.test_release_is_blocked_by_fix_before_claims) ... ok
test_status_is_computed_not_written (test_claims.TestClaims.test_status_is_computed_not_written) ... ok
test_client_refund_yemeni_dialect (test_complaints.TestComplaints.test_client_refund_yemeni_dialect) ... ok
test_client_safety_is_sms (test_complaints.TestComplaints.test_client_safety_is_sms) ... ok
test_diacritics_and_tatweel (test_complaints.TestComplaints.test_diacritics_and_tatweel) ... ok
test_exception_neutralizes_only_its_span (test_complaints.TestComplaints.test_exception_neutralizes_only_its_span) ... ok
test_exception_promise_to_return (test_complaints.TestComplaints.test_exception_promise_to_return) ... ok
test_normalization (test_complaints.TestComplaints.test_normalization) ... ok
test_patron_discount_question_is_owner_inquiry (test_complaints.TestComplaints.test_patron_discount_question_is_owner_inquiry) ... ok
test_patron_legal_copies_founder (test_complaints.TestComplaints.test_patron_legal_copies_founder) ... ok
test_patron_pricing_goes_to_owner_not_founder (test_complaints.TestComplaints.test_patron_pricing_goes_to_owner_not_founder) ... ok
test_plain_question_allowed (test_complaints.TestComplaints.test_plain_question_allowed) ... ok
test_proclitic_attached (test_complaints.TestComplaints.test_proclitic_attached) ... ok
test_token_boundary_no_false_positive (test_complaints.TestComplaints.test_token_boundary_no_false_positive) ... ok
test_actual_above_reservation_is_flagged (test_concurrency_properties.TestConcurrencyProperties.test_actual_above_reservation_is_flagged) ... ok
test_crash_releases_key_and_reservation (test_concurrency_properties.TestConcurrencyProperties.test_crash_releases_key_and_reservation) ... ok
test_many_threads_never_overshoot_agent_or_customer_caps (test_concurrency_properties.TestConcurrencyProperties.test_many_threads_never_overshoot_agent_or_customer_caps) ... ok
test_stage2_decision_equals_stage1_for_every_category_and_channel (test_concurrency_properties.TestConcurrencyProperties.test_stage2_decision_equals_stage1_for_every_category_and_channel) ... ok
test_upper_bound_covers_any_call_within_max_output (test_concurrency_properties.TestConcurrencyProperties.test_upper_bound_covers_any_call_within_max_output) ... ok
test_arabic_indic_digits (test_content_guard.TestContentGuard.test_arabic_indic_digits) ... ok
test_clean_post_passes (test_content_guard.TestContentGuard.test_clean_post_passes) ... ok
test_disparagement (test_content_guard.TestContentGuard.test_disparagement) ... ok
test_guarantee_reviewed_in_post (test_content_guard.TestContentGuard.test_guarantee_reviewed_in_post) ... ok
test_links (test_content_guard.TestContentGuard.test_links) ... ok
test_medical_claim_blocked_everywhere (test_content_guard.TestContentGuard.test_medical_claim_blocked_everywhere) ... ok
test_no_false_positive_on_prices_word_inside_other_word (test_content_guard.TestContentGuard.test_no_false_positive_on_prices_word_inside_other_word) ... ok
test_phone_only_flagged_in_replies (test_content_guard.TestContentGuard.test_phone_only_flagged_in_replies) ... ok
test_price_blocked_in_reply_reviewed_in_post (test_content_guard.TestContentGuard.test_price_blocked_in_reply_reviewed_in_post) ... ok
test_price_word_with_proclitic (test_content_guard.TestContentGuard.test_price_word_with_proclitic) ... ok
test_derived_files_are_current (test_derived.TestDerived.test_derived_files_are_current) ... ok
test_acquisition_does_not_touch_customer_cap (test_enforcement.TestEnforcement.test_acquisition_does_not_touch_customer_cap) ... ok
test_agent_cap_compares_agent_spend_not_customer_total (test_enforcement.TestEnforcement.test_agent_cap_compares_agent_spend_not_customer_total) ... ok
test_agent_class_cap (test_enforcement.TestEnforcement.test_agent_class_cap) ... ok
test_circuit_opens_after_threshold_then_half_open (test_enforcement.TestEnforcement.test_circuit_opens_after_threshold_then_half_open) ... ok
test_customer_ai_cap_across_agents (test_enforcement.TestEnforcement.test_customer_ai_cap_across_agents) ... ok
test_denied_action (test_enforcement.TestEnforcement.test_denied_action) ... ok
test_disabled_agent (test_enforcement.TestEnforcement.test_disabled_agent) ... ok
test_half_open_failure_reopens (test_enforcement.TestEnforcement.test_half_open_failure_reopens) ... ok
test_idempotency (test_enforcement.TestEnforcement.test_idempotency) ... ok
test_non_retryable_error_stops (test_enforcement.TestEnforcement.test_non_retryable_error_stops) ... ok
test_per_call_cap (test_enforcement.TestEnforcement.test_per_call_cap) ... ok
test_proposal_is_queued_not_executed (test_enforcement.TestEnforcement.test_proposal_is_queued_not_executed) ... ok
test_retry_then_success (test_enforcement.TestEnforcement.test_retry_then_success) ... ok
test_tool_not_in_contract (test_enforcement.TestEnforcement.test_tool_not_in_contract) ... ok
test_unlisted_action_denied_by_default (test_enforcement.TestEnforcement.test_unlisted_action_denied_by_default) ... ok
test_harmless_gate_change_is_accepted_and_other_changes_are_not_judged (test_gate_guard.TestGateGuard.test_harmless_gate_change_is_accepted_and_other_changes_are_not_judged) ... ok
test_weakened_checker_outside_github_is_caught_by_the_base_checker (test_gate_guard.TestGateGuard.test_weakened_checker_outside_github_is_caught_by_the_base_checker) ... ok
test_every_database_script_runs_in_ci (test_gate_guard.TestGateJob.test_every_database_script_runs_in_ci) ... ok
test_gate_job_accepts_only_success_of_every_job (test_gate_guard.TestGateJob.test_gate_job_accepts_only_success_of_every_job) ... ok
test_business_name_in_ref_is_refused (test_ops_summary.TestFailuresVocabulary.test_business_name_in_ref_is_refused) ... ok
test_failures_use_codes_and_pseudonymous_refs (test_ops_summary.TestFailuresVocabulary.test_failures_use_codes_and_pseudonymous_refs) ... ok
test_unknown_code_is_quarantined_not_leaked (test_ops_summary.TestFailuresVocabulary.test_unknown_code_is_quarantined_not_leaked) ... ok
test_alert_rule_ids_are_closed (test_ops_summary.TestOpsSummary.test_alert_rule_ids_are_closed) ... ok
test_extra_fields_are_dropped (test_ops_summary.TestOpsSummary.test_extra_fields_are_dropped) ... ok
test_free_text_smuggled_into_an_id_is_refused (test_ops_summary.TestOpsSummary.test_free_text_smuggled_into_an_id_is_refused) ... ok
test_schema_has_no_free_text_field (test_ops_summary.TestOpsSummary.test_schema_has_no_free_text_field) ... ok
test_R1_concurrent_calls_never_exceed_agent_cap (test_regressions_v15.TestRegressions.test_R1_concurrent_calls_never_exceed_agent_cap) ... ok
test_R2_concurrent_duplicate_executes_once (test_regressions_v15.TestRegressions.test_R2_concurrent_duplicate_executes_once) ... ok
test_R3_text_and_image_in_one_task_do_not_share_a_key (test_regressions_v15.TestRegressions.test_R3_text_and_image_in_one_task_do_not_share_a_key) ... ok
test_R4_stage2_uses_policy_severity_and_sla (test_regressions_v15.TestRegressions.test_R4_stage2_uses_policy_severity_and_sla) ... ok
test_R4b_unknown_category_is_conservative (test_regressions_v15.TestRegressions.test_R4b_unknown_category_is_conservative) ... ok
test_R5_half_open_admits_a_single_probe (test_regressions_v15.TestRegressions.test_R5_half_open_admits_a_single_probe) ... ok
test_R6_per_task_cap_is_enforced (test_regressions_v15.TestRegressions.test_R6_per_task_cap_is_enforced) ... ok
test_N1_dead_probe_holder_does_not_freeze_the_circuit (test_regressions_v16.TestRegressionsV16.test_N1_dead_probe_holder_does_not_freeze_the_circuit) ... ok
test_N2_dead_key_holder_is_taken_over_after_its_lease (test_regressions_v16.TestRegressionsV16.test_N2_dead_key_holder_is_taken_over_after_its_lease) ... ok
test_N3_terminal_failure_is_not_reclaimed_until_released (test_regressions_v16.TestRegressionsV16.test_N3_terminal_failure_is_not_reclaimed_until_released) ... ok
test_N4_transient_failure_stays_reclaimable (test_regressions_v16.TestRegressionsV16.test_N4_transient_failure_stays_reclaimable) ... ok
test_N5_second_reservation_exceeded_pauses_the_agent (test_regressions_v16.TestRegressionsV16.test_N5_second_reservation_exceeded_pauses_the_agent) ... ok
test_N6_overshoot_is_charged (test_regressions_v16.TestRegressionsV16.test_N6_overshoot_is_charged) ... ok
test_N7_unknown_provider_error_is_not_retried (test_regressions_v16.TestRegressionsV16.test_N7_unknown_provider_error_is_not_retried) ... ok
test_M1_new_month_starts_from_zero (test_regressions_v17.TestRegressionsV17.test_M1_new_month_starts_from_zero) ... ok
test_M2_actual_cost_above_per_call_pauses_the_agent_at_once (test_regressions_v17.TestRegressionsV17.test_M2_actual_cost_above_per_call_pauses_the_agent_at_once) ... ok
test_M3_computed_bound_overrides_a_low_estimate (test_regressions_v17.TestRegressionsV17.test_M3_computed_bound_overrides_a_low_estimate) ... ok
test_ci_mode_reports_complaint_failure_without_passing_it_off (test_run_evals_exit.TestRunEvalsExit.test_ci_mode_reports_complaint_failure_without_passing_it_off) ... ok
test_content_guard_mismatch_always_fails_ci (test_run_evals_exit.TestRunEvalsExit.test_content_guard_mismatch_always_fails_ci) ... ok
test_standing_send_gate_fails_on_the_same_data (test_run_evals_exit.TestRunEvalsExit.test_standing_send_gate_fails_on_the_same_data) ... ok
test_ipv6_forms_carrying_ipv4_are_judged_by_that_ipv4 (test_safe_fetch.TestSafeFetch.test_ipv6_forms_carrying_ipv4_are_judged_by_that_ipv4) ... ok
test_metadata_loopback_private_and_mapped_addresses_are_refused (test_safe_fetch.TestSafeFetch.test_metadata_loopback_private_and_mapped_addresses_are_refused) ... ok
test_one_private_answer_among_public_ones_is_enough_to_refuse (test_safe_fetch.TestSafeFetch.test_one_private_answer_among_public_ones_is_enough_to_refuse) ... ok
test_public_https_is_planned_with_a_pinned_address (test_safe_fetch.TestSafeFetch.test_public_https_is_planned_with_a_pinned_address) ... ok
test_redirects_are_revalidated_and_bounded (test_safe_fetch.TestSafeFetch.test_redirects_are_revalidated_and_bounded) ... ok
test_scheme_port_and_credentials (test_safe_fetch.TestSafeFetch.test_scheme_port_and_credentials) ... ok
test_dispatcher_never_loops_over_a_send (test_service_boundaries.TestBoundaries.test_dispatcher_never_loops_over_a_send) ... ok
test_logging_setup_installs_redaction (test_service_boundaries.TestBoundaries.test_logging_setup_installs_redaction) ... ok
test_no_raw_html_insertion_outside_the_renderer (test_service_boundaries.TestBoundaries.test_no_raw_html_insertion_outside_the_renderer) ... ok
test_only_the_crawler_opens_network_connections (test_service_boundaries.TestBoundaries.test_only_the_crawler_opens_network_connections) ... ok
test_the_crawler_connects_only_to_a_safe_fetch_plan (test_service_boundaries.TestBoundaries.test_the_crawler_connects_only_to_a_safe_fetch_plan) ... ok
test_connects_to_the_pinned_address_with_the_hostname_for_tls (test_service_crawler.TestCrawler.test_connects_to_the_pinned_address_with_the_hostname_for_tls) ... ok
test_dns_rebinding_between_check_and_connect_is_impossible (test_service_crawler.TestCrawler.test_dns_rebinding_between_check_and_connect_is_impossible) ... ok
test_environment_proxies_cannot_change_the_connection (test_service_crawler.TestCrawler.test_environment_proxies_cannot_change_the_connection) ... ok
test_redirect_to_metadata_private_or_nat64_is_refused (test_service_crawler.TestCrawler.test_redirect_to_metadata_private_or_nat64_is_refused) ... ok
test_redirects_are_bounded (test_service_crawler.TestCrawler.test_redirects_are_bounded) ... ok
test_robots_disallow_login_pages_and_size (test_service_crawler.TestCrawler.test_robots_disallow_login_pages_and_size) ... ok
test_attempts_are_bounded (test_service_dispatcher.TestDispatcher.test_attempts_are_bounded) ... ok
test_before_send_releases_for_a_later_attempt (test_service_dispatcher.TestDispatcher.test_before_send_releases_for_a_later_attempt) ... ok
test_crash_mid_send_leaves_an_expired_claim_that_is_never_reclaimed (test_service_dispatcher.TestDispatcher.test_crash_mid_send_leaves_an_expired_claim_that_is_never_reclaimed) ... ok
test_expired_claim_of_an_idempotent_topic_is_reclaimed (test_service_dispatcher.TestDispatcher.test_expired_claim_of_an_idempotent_topic_is_reclaimed) ... ok
test_late_success_after_expiry_is_kept_only_with_provider_evidence (test_service_dispatcher.TestDispatcher.test_late_success_after_expiry_is_kept_only_with_provider_evidence) ... ok
test_model_error_codes_exist_in_the_migration (test_service_dispatcher.TestDispatcher.test_model_error_codes_exist_in_the_migration) ... ok
test_only_an_operator_with_a_reason_clears_the_human_check (test_service_dispatcher.TestDispatcher.test_only_an_operator_with_a_reason_clears_the_human_check) ... ok
test_provider_refusal_is_final_and_explained (test_service_dispatcher.TestDispatcher.test_provider_refusal_is_final_and_explained) ... ok
test_success_records_the_provider_id_once (test_service_dispatcher.TestDispatcher.test_success_records_the_provider_id_once) ... ok
test_timeout_after_writing_is_ambiguous_and_never_retried_automatically (test_service_dispatcher.TestDispatcher.test_timeout_after_writing_is_ambiguous_and_never_retried_automatically) ... ok
test_unknown_exception_and_5xx_are_ambiguous (test_service_dispatcher.TestDispatcher.test_unknown_exception_and_5xx_are_ambiguous) ... ok
test_whatsapp_adapter_maps_responses (test_service_dispatcher.TestDispatcher.test_whatsapp_adapter_maps_responses) ... ok
test_arabic_indic_digits_are_phones_too (test_service_redact.TestRedact.test_arabic_indic_digits_are_phones_too) ... ok
test_content_fields_are_removed_whatever_they_contain (test_service_redact.TestRedact.test_content_fields_are_removed_whatever_they_contain) ... ok
test_exception_text_is_redacted (test_service_redact.TestRedact.test_exception_text_is_redacted) ... ok
test_ids_and_codes_survive (test_service_redact.TestRedact.test_ids_and_codes_survive) ... ok
test_phones_emails_urls_and_long_numbers_in_messages (test_service_redact.TestRedact.test_phones_emails_urls_and_long_numbers_in_messages) ... ok
test_tokens_and_jwts (test_service_redact.TestRedact.test_tokens_and_jwts) ... ok
test_allowed_links (test_service_render.TestRender.test_allowed_links) ... ok
test_arabic_text_is_preserved (test_service_render.TestRender.test_arabic_text_is_preserved) ... ok
test_dangerous_template_positions_are_refused (test_service_render.TestRender.test_dangerous_template_positions_are_refused) ... ok
test_executable_urls_are_refused_in_every_disguise (test_service_render.TestRender.test_executable_urls_are_refused_in_every_disguise) ... ok
test_missing_field_is_an_error_not_an_empty_string (test_service_render.TestRender.test_missing_field_is_an_error_not_an_empty_string) ... ok
test_owner_text_is_escaped_in_text_and_quoted_attributes (test_service_render.TestRender.test_owner_text_is_escaped_in_text_and_quoted_attributes) ... ok
test_content_capture_is_off_in_the_mapping (test_service_telemetry.TestTelemetry.test_content_capture_is_off_in_the_mapping) ... ok
test_exporter_wrapper_sanitizes_every_batch (test_service_telemetry.TestTelemetry.test_exporter_wrapper_sanitizes_every_batch) ... ok
test_mapped_attribute_that_carries_personal_data_is_dropped (test_service_telemetry.TestTelemetry.test_mapped_attribute_that_carries_personal_data_is_dropped) ... ok
test_only_mapped_attributes_leave_and_content_events_are_dropped (test_service_telemetry.TestTelemetry.test_only_mapped_attributes_leave_and_content_events_are_dropped) ... ok
test_bad_missing_or_malformed_signature_is_401_and_nothing_is_stored (test_service_webhook.TestWebhook.test_bad_missing_or_malformed_signature_is_401_and_nothing_is_stored) ... ok
test_constant_time_compare_used (test_service_webhook.TestWebhook.test_constant_time_compare_used) ... ok
test_facebook_page_messages (test_service_webhook.TestWebhook.test_facebook_page_messages) ... ok
test_handler_never_chooses_a_tenant (test_service_webhook.TestWebhook.test_handler_never_chooses_a_tenant) ... ok
test_redelivery_is_a_success_not_a_second_event (test_service_webhook.TestWebhook.test_redelivery_is_a_success_not_a_second_event) ... ok
test_rotation_accepts_either_secret_and_oversize_is_refused (test_service_webhook.TestWebhook.test_rotation_accepts_either_secret_and_oversize_is_refused) ... ok
test_signature_is_checked_on_raw_bytes_before_parsing (test_service_webhook.TestWebhook.test_signature_is_checked_on_raw_bytes_before_parsing) ... ok
test_subscription_handshake (test_service_webhook.TestWebhook.test_subscription_handshake) ... ok
test_valid_signature_stores_one_event_per_item_with_the_addressed_channel (test_service_webhook.TestWebhook.test_valid_signature_stores_one_event_per_item_with_the_addressed_channel) ... ok
test_a_hand_edited_count_is_caught (test_spec_consistency.TestSpecConsistency.test_a_hand_edited_count_is_caught) ... ok
test_every_generated_region_matches_its_source (test_spec_consistency.TestSpecConsistency.test_every_generated_region_matches_its_source) ... ok
test_baseline_has_no_fail (test_supply_chain.TestSupplyChain.test_baseline_has_no_fail) ... ok
test_missing_codeowners_fails (test_supply_chain.TestSupplyChain.test_missing_codeowners_fails) ... ok
test_pull_request_target_fails (test_supply_chain.TestSupplyChain.test_pull_request_target_fails) ... ok
test_comment_mentioning_uses_is_not_an_action (test_supply_chain.TestSupplyChainParsing.test_comment_mentioning_uses_is_not_an_action) ... ok
test_below_threshold_keeps_stage1_decision (test_triage.TestTriage.test_below_threshold_keeps_stage1_decision) ... ok
test_classifier_adds_escalation_above_threshold (test_triage.TestTriage.test_classifier_adds_escalation_above_threshold) ... ok
test_classifier_cannot_remove_keyword_match (test_triage.TestTriage.test_classifier_cannot_remove_keyword_match) ... ok
test_owner_inquiry_preserved (test_triage.TestTriage.test_owner_inquiry_preserved) ... ok
test_perfect_stage2_closes_seed_gap (test_triage.TestTriage.test_perfect_stage2_closes_seed_gap) ... ok
test_baseline_passes (test_validator_negative.TestValidatorNegative.test_baseline_passes) ... ok
test_fallback_without_admission_record (test_validator_negative.TestValidatorNegative.test_fallback_without_admission_record) ... ok
test_missing_force_rls (test_validator_negative.TestValidatorNegative.test_missing_force_rls) ... ok
test_monthly_caps_exceed_ai_cap (test_validator_negative.TestValidatorNegative.test_monthly_caps_exceed_ai_cap) ... ok
test_per_call_cap_below_worst_case (test_validator_negative.TestValidatorNegative.test_per_call_cap_below_worst_case) ... ok
test_proposal_also_denied (test_validator_negative.TestValidatorNegative.test_proposal_also_denied) ... ok
test_public_execute_not_revoked (test_validator_negative.TestValidatorNegative.test_public_execute_not_revoked) ... ok
test_schema_invalid_contract_reports_not_crashes (test_validator_negative.TestValidatorNegative.test_schema_invalid_contract_reports_not_crashes) ... ok
test_schema_rejects_legacy_field (test_validator_negative.TestValidatorNegative.test_schema_rejects_legacy_field) ... ok
test_schema_scoped_default_privileges_do_not_count (test_validator_negative.TestValidatorNegative.test_schema_scoped_default_privileges_do_not_count) ... ok
test_unbudgeted_model (test_validator_negative.TestValidatorNegative.test_unbudgeted_model) ... ok
test_unlisted_security_definer_function (test_validator_negative.TestValidatorNegative.test_unlisted_security_definer_function) ... ok
test_weekly_checks_above_package (test_validator_negative.TestValidatorNegative.test_weekly_checks_above_package) ... ok

----------------------------------------------------------------------
Ran 183 tests in 22.860s

OK
